[bookverse.framer.website/index.html]
[backblue.gif]
[fade.gif]
[index.html]
[framerusercontent.com/images/6GI7ZIAfAlkBOGYO6E8M6BOQ7Ss.png]
[framerusercontent.com/images/F4wg8yR4QvfLN7uhqFUqwB8Ryk.png]
[framerusercontent.com/images/YK3iWk4L2HqGvtPf3qRA4Xqvna8.png]
[framerusercontent.com/images/CIXogC5rik4ykyHORJlQoQ9mbOA.png]
[framerusercontent.com/images/DHUcc6NtoLLOA3MSg93XrjCEsM.png]
[framerusercontent.com/images/XKBl8rNRoGFafRpnpgGHM3qu4.png]
[framerusercontent.com/images/hz50fI2butfrtD2AfEEgwPaVCZs.png]
[framerusercontent.com/images/qDvd27rerq20pCBK3JKhSUaRfHU.png]
[framerusercontent.com/images/1uOIXYQqpd83jhzVMJw9pLmyIU.png]
[framerusercontent.com/images/KJhnabl3BMe1UeEy59qYhIXjQUM.png]
[framerusercontent.com/images/JJHCxGEGnlMYeLy8r8vzWJhUhQ.png]
[framerusercontent.com/images/EWs7kSBhR1xnwftvuiUYuswm3K0.png]
[framerusercontent.com/images/i8dJJbxlAINkYHYNXEZntu2U6E0.png]
[framerusercontent.com/images/yOlGdslSNarsORoeQrINqenCeWI.png]
[bookverse.framer.website/index.html]
